error: Whitespace replace character `_` used before non-whitespace. Either add whitespace or change how whitespace is handled after this tag.
 --> tests/broken/whitespace/replace-no-whitespace.rs:5:14
  |
5 | {{ "replace" _}}{{_ "replace" }}
  |              ^^^

error: Whitespace replace character `_` used after non-whitespace. Either add whitespace or change how whitespace is handled before this tag.
 --> tests/broken/whitespace/replace-no-whitespace.rs:5:17
  |
5 | {{ "replace" _}}{{_ "replace" }}
  |                 ^^^

error: Whitespace replace character `_` used before non-whitespace. Either add whitespace or change how whitespace is handled after this tag.
 --> tests/broken/whitespace/replace-no-whitespace.rs:6:14
  |
6 | {{ "replace" _}}{{ "preserve" }}
  |              ^^^

error: Whitespace replace character `_` used after non-whitespace. Either add whitespace or change how whitespace is handled before this tag.
 --> tests/broken/whitespace/replace-no-whitespace.rs:7:17
  |
7 | {{ "preserve" }}{{_ "replace" }}
  |                 ^^^

error: Whitespace replace character `_` used before non-whitespace. Either add whitespace or change how whitespace is handled after this tag.
 --> tests/broken/whitespace/replace-no-whitespace.rs:8:14
  |
8 | {# "replace" _#}{#_ "replace" #}
  |              ^^^

error: Whitespace replace character `_` used after non-whitespace. Either add whitespace or change how whitespace is handled before this tag.
 --> tests/broken/whitespace/replace-no-whitespace.rs:8:17
  |
8 | {# "replace" _#}{#_ "replace" #}
  |                 ^^^

error: Whitespace replace character `_` used before non-whitespace. Either add whitespace or change how whitespace is handled after this tag.
 --> tests/broken/whitespace/replace-no-whitespace.rs:9:14
  |
9 | {# "replace" _#}{# "preserve" #}
  |              ^^^

error: Whitespace replace character `_` used after non-whitespace. Either add whitespace or change how whitespace is handled before this tag.
  --> tests/broken/whitespace/replace-no-whitespace.rs:10:17
   |
10 | {# "preserve" #}{#_ "replace" #}
   |                 ^^^
