error: Expected an expression after prefix operator
 --> tests/broken/not-alone.rs:4:30
  |
4 | #[oxiplate_inline(r##"{% if ! %}"##)]
  |                              ^^^
