error: equality checks against false can be replaced by a negation
 --> src\bin\equals-bool-method.rs:7:8
  |
7 | {%- if foo.is_empty() == false -%}
  |        ^^^^^^^^^^^^^^^^^^^^^^^ help: try simplifying it as shown: `!foo.is_empty()`
  |
  = help: for further information visit https://rust-lang.github.io/rust-clippy/master/index.html#bool_comparison
note: the lint level is defined here
 --> src\bin\equals-bool-method.rs:1:9
  |
1 | #![deny(clippy::bool_comparison)]
  |         ^^^^^^^^^^^^^^^^^^^^^^^

error: could not compile `clippy-tests` (bin "equals-bool-method") due to 1 previous error
