error: Invalid escaper group specified
 --> tests/broken/wrong-group.rs:4:60
  |
4 | #[oxiplate_inline = "{% for message in &messages %}\n<p>{{ hhtml.text: message }}</p>{% endfor %}\n"]
  |                                                            ^^^^^
