error: `/oxiplate.toml` exists, but the "config" feature is turned off. Either delete/rename `/oxiplate.toml`, or turn the "config" feature on.
 --> tests/broken/feature-turned-off.rs:4:1
  |
4 | / #[oxiplate_inline(html: "{{ message }}")]
5 | | struct Data<'a> {
6 | |     message: &'a str,
7 | | }
  | |_^

error[E0277]: `Data<'_>` doesn't implement `std::fmt::Display`
  --> tests/broken/feature-turned-off.rs:15:23
   |
15 |         format!("{}", data),
   |                  --   ^^^^ `Data<'_>` cannot be formatted with the default formatter
   |                  |
   |                  required by this formatting parameter
   |
   = help: the trait `std::fmt::Display` is not implemented for `Data<'_>`
   = note: in format strings you may be able to use `{:?}` (or {:#?} for pretty-print) instead
   = note: this error originates in the macro `$crate::__export::format_args` which comes from the expansion of the macro `format` (in Nightly builds, run with -Z macro-backtrace for more info)
