error: Expected 'in'
 --> tests/broken/for-no-in.rs:4:30
  |
4 | #[oxiplate = "{%- for number numbers -%}{{ number }} + {{ number_to_add }} = {{ numb + number_to_add }}{% endfor %}"]
  |                              ^^^^^^^^^^^^^^^^^^^^^^^^^^^^^^^^^^^^^^^^^^^^^^^^^^^^^^^^^^^^^^^^^^^^^^^^^^^^^^^^^^^^^^
