error: Expected an expression that is iterable
 --> tests/broken/for/for-no-expression.rs:4:38
  |
4 | #[oxiplate_inline("{%- for number in -%}{{ number }} + {{ number_to_add }} = {{ numb + number_to_add }}{% endfor %}")]
  |                                      ^^^^^^^^^^^^^^^^^^^^^^^^^^^^^^^^^^^^^^^^^^^^^^^^^^^^^^^^^^^^^^^^^^^^^^^^^^^^^^
